// Jest Snapshot v1, https://goo.gl/fbAQLP

exports[`check is sidebar is active 1`] = `"<div class=\\"sidebar active\\"><div class=\\"sidebar__heading\\"><h2 class=\\"sidebar__title\\">welcome, marija</h2><a class=\\"sidebar__close\\">×</a></div><div class=\\"sidebar__content\\"><h2 class=\\"sidebar__title\\">sort by</h2><ul class=\\"sidebar__list\\"><li class=\\"sidebar__list--item\\">none</li><li class=\\"sidebar__list--item\\">by asc</li><li class=\\"sidebar__list--item\\">by id</li><li class=\\"sidebar__list--item\\">by size</li><li class=\\"sidebar__list--item\\">by price</li></ul></div><div class=\\"sidebar__heading\\"><h2 class=\\"sidebar__title\\">built with <span>♥️</span>  by ThePseudoMind</h2></div></div>"`;

exports[`check is sidebar is inactive 1`] = `"<div class=\\"sidebar\\"><div class=\\"sidebar__heading\\"><h2 class=\\"sidebar__title\\">welcome, marija</h2><a class=\\"sidebar__close\\">×</a></div><div class=\\"sidebar__content\\"><h2 class=\\"sidebar__title\\">sort by</h2><ul class=\\"sidebar__list\\"><li class=\\"sidebar__list--item\\">none</li><li class=\\"sidebar__list--item\\">by asc</li><li class=\\"sidebar__list--item\\">by id</li><li class=\\"sidebar__list--item\\">by size</li><li class=\\"sidebar__list--item\\">by price</li></ul></div><div class=\\"sidebar__heading\\"><h2 class=\\"sidebar__title\\">built with <span>♥️</span>  by ThePseudoMind</h2></div></div>"`;

exports[`there is button to click 1`] = `
<div
  className="sidebar active"
>
  <div
    className="sidebar__heading"
  >
    <h2
      className="sidebar__title"
    >
      welcome, marija
    </h2>
    <a
      className="sidebar__close"
      onClick={[Function]}
    >
      ×
    </a>
  </div>
  <div
    className="sidebar__content"
  >
    <h2
      className="sidebar__title"
    >
      sort by
    </h2>
    <ul
      className="sidebar__list"
    >
      <li
        className="sidebar__list--item"
      >
        none
      </li>
      <li
        className="sidebar__list--item"
      >
        by asc
      </li>
      <li
        className="sidebar__list--item"
      >
        by id
      </li>
      <li
        className="sidebar__list--item"
      >
        by size
      </li>
      <li
        className="sidebar__list--item"
      >
        by price
      </li>
    </ul>
  </div>
  <div
    className="sidebar__heading"
  >
    <h2
      className="sidebar__title"
    >
      built with 
      <span>
        ♥️
      </span>
        by ThePseudoMind
    </h2>
  </div>
</div>
`;
